[themihub.com/index.html]
[backblue.gif]
[fade.gif]
[index.html]
[themihub.com/html/morex-demo/morex/assets/images/favicon.ico]
[themihub.com/html/morex-demo/morex/assets/css/mobilemenu.css]
[cdn.jsdelivr.net/npm/swiper@8/swiper-bundle.min.css]
[themihub.com/html/morex-demo/morex/assets/css/styles.css]
[themihub.com/html/morex-demo/morex/about-dark.html]
[themihub.com/html/morex-demo/morex/services-dark.html]
[themihub.com/html/morex-demo/morex/blog-dark.html]
[themihub.com/html/morex-demo/morex/portfolio-dark.html]
[themihub.com/html/morex-demo/morex/contact-dark.html]
[themihub.com/html/morex-demo/morex/assets/images/logo-light.png]
[themihub.com/html/morex-demo/morex/assets/images/logo.png]
[themihub.com/html/morex-demo/morex/assets/images/profile-image.png]
[cdn.jsdelivr.net/npm/swiper@8/swiper-bundle.min.js]
[themihub.com/html/morex-demo/morex/assets/js/imagesloaded.pkgd.min.js]
[themihub.com/html/morex-demo/morex/assets/js/isotope.pkgd.min.js]
[themihub.com/index.html]
[themihub.com/html/morex-demo/morex/assets/css/mobilemenu.css]
[cdn.jsdelivr.net/npm/swiper@8/swiper-bundle.min.css]
[themihub.com/html/morex-demo/morex/assets/js/script.js]
[themihub.com/html/morex-demo/morex/assets/images/hero-bg-img.png]
[themihub.com/html/morex-demo/morex/assets/images/about-me-bg.png]
[themihub.com/html/morex-demo/morex/assets/images/contact-bg.png]
[themihub.com/html/morex-demo/morex/assets/images/footer-bg.png]
[themihub.com/html/morex-demo/morex/assets/images/home2-hero-bg-dark.png]
[themihub.com/html/morex-demo/morex/assets/images/hero-bg-img-dark.png]
[themihub.com/html/morex-demo/morex/assets/images/contact-bg-dark.png]
[themihub.com/html/morex-demo/morex/assets/images/footer-bg-dark.png]
[themihub.com/html/morex-demo/morex/assets/css/styles.css]
[themihub.com/html/morex-demo/morex/assets/images/about-me.png]
[themihub.com/html/morex-demo/morex/about-dark.html]
[themihub.com/html/morex-demo/morex/services-dark.html]
[themihub.com/html/morex-demo/morex/assets/images/portfolio/1.png]
[themihub.com/html/morex-demo/morex/assets/images/portfolio/big-1.png]
[themihub.com/html/morex-demo/morex/assets/images/portfolio/2.png]
[themihub.com/html/morex-demo/morex/assets/images/portfolio/big-2.png]
[themihub.com/html/morex-demo/morex/assets/images/portfolio/3.png]
[themihub.com/html/morex-demo/morex/assets/images/portfolio/big-3.png]
[themihub.com/html/morex-demo/morex/assets/images/portfolio/4.png]
[themihub.com/html/morex-demo/morex/assets/images/portfolio/big-4.png]
[themihub.com/html/morex-demo/morex/assets/images/portfolio/5.png]
[themihub.com/html/morex-demo/morex/assets/images/portfolio/big-5.png]
[themihub.com/html/morex-demo/morex/assets/images/portfolio/6.png]
[themihub.com/html/morex-demo/morex/assets/images/portfolio/big-6.png]
[themihub.com/html/morex-demo/morex/assets/images/portfolio/7.png]
[themihub.com/html/morex-demo/morex/assets/images/portfolio/big-7.png]
[themihub.com/html/morex-demo/morex/assets/images/portfolio/8.png]
[themihub.com/html/morex-demo/morex/assets/images/portfolio/big-8.png]
[themihub.com/html/morex-demo/morex/assets/images/portfolio/9.png]
[themihub.com/html/morex-demo/morex/assets/images/portfolio/big-9.png]
[themihub.com/html/morex-demo/morex/portfolio-dark.html]
[themihub.com/html/morex-demo/morex/assets/images/blog/1.png]
[themihub.com/html/morex-demo/morex/assets/images/blog/blog-details-1.png]
[themihub.com/html/morex-demo/morex/assets/images/blog/avatar.png]
[themihub.com/html/morex-demo/morex/assets/images/blog/avatar-2.png]
[themihub.com/html/morex-demo/morex/assets/images/blog/2.png]
[themihub.com/html/morex-demo/morex/assets/images/blog/3.png]
[themihub.com/html/morex-demo/morex/assets/images/blog/4.png]
[themihub.com/html/morex-demo/morex/assets/images/blog/5.png]
[themihub.com/html/morex-demo/morex/assets/images/blog/6.png]
[themihub.com/html/morex-demo/morex/blog-dark.html]
[themihub.com/html/morex-demo/morex/contact-dark.html]
